// Jest Snapshot v1, https://goo.gl/fbAQLP

exports[`NotificationComponent should match the snapshot 1`] = `
<div
  id="root1"
>
  <div
    class="notification success"
  />
</div>
`;
