// Jest Snapshot v1, https://goo.gl/fbAQLP

exports[`HeaderComponent should match the snapshot 1`] = `
<div
  id="root1"
>
  <header>
    <img
      alt="logo"
      class="w-56"
      routerlink="/products"
      src="/assets/images/logo.png"
      tabindex="0"
    />
  </header>
</div>
`;
